Channel program fully executed with no return value.
